
R version 3.5.1 (2018-07-02) -- "Feather Spray"
Copyright (C) 2018 The R Foundation for Statistical Computing
Platform: x86_64-pc-linux-gnu (64-bit)

R is free software and comes with ABSOLUTELY NO WARRANTY.
You are welcome to redistribute it under certain conditions.
Type 'license()' or 'licence()' for distribution details.

  Natural language support but running in an English locale

R is a collaborative project with many contributors.
Type 'contributors()' for more information and
'citation()' on how to cite R or R packages in publications.

Type 'demo()' for some demos, 'help()' for on-line help, or
'help.start()' for an HTML browser interface to help.
Type 'q()' to quit R.

[Previously saved workspace restored]

> setwd("~/Projects/Immunomics/tests/")
> source("../R/pgx-drugs.R")
> source("../R/pgx-functions.R")
> 
> FILES="../files"
> X <- readRDS(file=file.path(FILES,"l1000_es_5685drugs.rds"))
> x.drugs <- gsub("_.*$","",colnames(X))
> length(table(x.drugs))
[1] 5685
> dim(X)
[1]   1001 136557
> 
> avgX <- readRDS(file=file.path(FILES,"l1000_es_5685drugsAVG.rds"))
> ## jj <- c(grep("torin",colnames(avgX)),1:100)
> ## avgX <- avgX[,jj]
> dim(avgX)
[1] 1001 5685
> 
> jj <- head(order(-apply(X,2,sd)),100)
> ##out <- pgx.computeDrugEnrichment(obj=X[,jj], X, x.drugs, methods="cor", contrast=NULL)
> out <- pgx.computeDrugEnrichment(
+     obj=avgXLoading required package: Matrix
Calculating drug enrichment using rank correlation ...
Loading required package: qlcMatrix
Loading required package: slam
Loading required package: sparsesvd
> names(out)
[1] "cor"
> out1 <- out[["cor"]]
> ##save(out1, file="l1000-dxrho-avgX.rda")
> dim(out1$X)
[1]  5335 10000
> 
> rx <- (out1$X)
> xdist <- 1- out1$X * (1 - out1$Q)
> dim(xdist)
[1]  5335 10000
> 
> library(Rtsne)
> pos <- Rtsne( (xdist), is_distance=FALSE, perplexity=30)$Y
> dim(pos)
[1] 5335    2
> rownames(pos) <- rownames(xdist)
> write.csv(pos, file="l1000-drugs-tsne-px30T.csv")
> 
> out1$pos <- pos
> save(out1, file="l1000-dxrhoT-avgX.rda")
> 
> 
> if(0) {
+ 
+     pos <- read.csv(file="l1000-drugs-tsne-px30T.csv", row.names=1)
+     require(scatterD3)
+     scatterD3( pos[,1], pos[,2], lab=rownames(pos))
+ 
+ 
+ }
> tsne-px30T.csv", row.names=1)
+     scatterD3( pos[,1], pos[,2], lab=rownames(pos))
+ 
+ 
+ }
+ Error: unexpected end of input
Execution halted
time()
    user   system  elapsed 
7965.465 1323.690 5462.741 
